cargo : warning: unused import: `std::fmt`
строка:1 знак:1
+ cargo test > test_output.txt 2>&1
+ ~~~~~~~~~~~~~~~~~~~~~~~~~~~~~~~~~
    + CategoryInfo          : NotSpecified: (warning: unused import: `std::fmt`:String) [ 
   ], RemoteException
    + FullyQualifiedErrorId : NativeCommandError
 
 --> src\main.rs:2:5
  |
2 | use std::fmt;
  |     ^^^^^^^^
  |
  = note: `#[warn(unused_imports)]` on by default

warning: unused imports: `QrCode` and `render::svg`
 --> src\main.rs:9:14
  |
9 | use qrcode::{QrCode, render::svg};
  |              ^^^^^^  ^^^^^^^^^^^

warning: unused import: `std::collections::HashMap`
 --> src\web_server.rs:1:5
  |
1 | use std::collections::HashMap;
  |     ^^^^^^^^^^^^^^^^^^^^^^^^^

warning: unused import: `NodeType`
 --> src\consensus.rs:3:65
  |
3 | use crate::franchise_network::{FranchiseNetwork, FranchiseNode, NodeType};
  |                                                                 ^^^^^^^^

warning: unused imports: `Block as ConsensusBlock`, `ConsensusAlgorithm`, `Transaction as 
ConsensusTransaction`, and `TransactionType`
  --> src\main.rs:25:17
   |
25 | ...::{ConsensusAlgorithm, Block as ConsensusBlock, Transaction as ConsensusTransactio
n, TransactionTyp...
   |       ^^^^^^^^^^^^^^^^^^  ^^^^^^^^^^^^^^^^^^^^^^^  ^^^^^^^^^^^^^^^^^^^^^^^^^^^^^^^^^^
^  ^^^^^^^^^^^^^^^

warning: unused import: `Read`
 --> src\p2p_network.rs:3:15
  |
3 | use std::io::{Read, Write, BufRead, BufReader};
  |               ^^^^

warning: unused imports: `SaleItem` and `Sale`
 --> src\ipfs_storage.rs:3:50
  |
3 | use crate::franchise_network::{FranchiseNetwork, Sale, SaleItem};
  |                                                  ^^^^  ^^^^^^^^

warning: variable does not need to be mutable
  --> src\simple_server.rs:90:33
   |
90 | ...                   let mut bc = blockchain.lock().unwrap();
   |                           ----^^
   |                           |
   |                           help: remove this `mut`
   |
   = note: `#[warn(unused_mut)]` on by default

warning: variable does not need to be mutable
   --> src\simple_server.rs:118:33
    |
118 | ...                   let mut bc = blockchain.lock().unwrap();
    |                           ----^^
    |                           |
    |                           help: remove this `mut`

warning: unused variable: `node_id`
   --> src\p2p_network.rs:243:13
    |
243 |         let node_id = self.node_id;
    |             ^^^^^^^ help: if this is intentional, prefix it with an underscore: `_no
de_id`
    |
    = note: `#[warn(unused_variables)]` on by default

warning: unused variable: `timestamp`
   --> src\p2p_network.rs:332:50
    |
332 |             P2PMessage::Ping { node_id: peer_id, timestamp } => {
    |                                                  ^^^^^^^^^ help: try ignoring the fi
eld: `timestamp: _`

warning: unused variable: `franchise_network`
   --> src\p2p_network.rs:327:9
    |
327 |         franchise_network: &Arc<Mutex<FranchiseNetwork>>,
    |         ^^^^^^^^^^^^^^^^^ help: if this is intentional, prefix it with an underscore
: `_franchise_network`

warning: unused variable: `stored_data`
  --> src\ipfs_storage.rs:91:13
   |
91 |         let stored_data = StoredData {
   |             ^^^^^^^^^^^ help: if this is intentional, prefix it with an underscore: `
_stored_data`

warning: unused variable: `filename`
   --> src\ipfs_storage.rs:152:54
    |
152 | ...t self, image_data: &[u8], filename: &str) -> Result<String, String> {
    |                               ^^^^^^^^ help: if this is intentional, prefix it with 
an underscore: `_filename`

warning: unused variable: `fund_name`
   --> src\main.rs:336:42
    |
336 |     fn new_charity_fund(address: String, fund_name: String) -> Self {
    |                                          ^^^^^^^^^ help: if this is intentional, pre
fix it with an underscore: `_fund_name`

warning: unused variable: `amount`
    --> src\main.rs:1096:62
     |
1096 | ...&mut self, customer: String, amount: f64) -> Result<String, String> {
     |                                 ^^^^^^ help: if this is intentional, prefix it with
 an underscore: `_amount`

warning: unused variable: `menu_item_id`
    --> src\main.rs:1120:57
     |
1120 | ...mut self, voter: String, menu_item_id: String) -> Result<String, String> {
     |                             ^^^^^^^^^^^^ help: if this is intentional, prefix it wi
th an underscore: `_menu_item_id`

warning: variable does not need to be mutable
    --> src\main.rs:1591:17
     |
1591 | ...   let mut franchise_holder = TokenHolder::new_franchise_owner(franchise_owne...
     |           ----^^^^^^^^^^^^^^^^
     |           |
     |           help: remove this `mut`

warning: variable does not need to be mutable
    --> src\main.rs:1693:13
     |
1693 | ...   let mut unclaimed_to_distribute: Vec<UnclaimedTokensRecord> = self.unclaim...
     |           ----^^^^^^^^^^^^^^^^^^^^^^^
     |           |
     |           help: remove this `mut`

warning: unused variable: `attacker_wallet`
  --> src\tests\attack_scenarios.rs:16:13
   |
16 |     let mut attacker_wallet = "attacker".to_string();
   |             ^^^^^^^^^^^^^^^ help: if this is intentional, prefix it with an underscor
e: `_attacker_wallet`

warning: variable `total_accumulated` is assigned to, but never used
  --> src\tests\attack_scenarios.rs:17:13
   |
17 |     let mut total_accumulated = 0.0;
   |             ^^^^^^^^^^^^^^^^^
   |
   = note: consider using `_total_accumulated` instead

warning: variable does not need to be mutable
  --> src\tests\attack_scenarios.rs:16:9
   |
16 |     let mut attacker_wallet = "attacker".to_string();
   |         ----^^^^^^^^^^^^^^^
   |         |
   |         help: remove this `mut`

warning: variable `total_coordinated` is assigned to, but never used
  --> src\tests\attack_scenarios.rs:49:13
   |
49 |     let mut total_coordinated = 0.0;
   |             ^^^^^^^^^^^^^^^^^
   |
   = note: consider using `_total_coordinated` instead

warning: unused variable: `verification_code1`
   --> src\tests\attack_scenarios.rs:167:9
    |
167 |     let verification_code1 = bc.register_user_with_phone(phone1.clone(), wallet1....
    |         ^^^^^^^^^^^^^^^^^^ help: if this is intentional, prefix it with an underscor
e: `_verification_code1`

warning: unused variable: `nodes`
   --> src\tests\attack_scenarios.rs:184:13
    |
184 |     let mut nodes: Vec<String> = Vec::new();
    |             ^^^^^ help: if this is intentional, prefix it with an underscore: `_node
s`

warning: variable does not need to be mutable
   --> src\tests\attack_scenarios.rs:184:9
    |
184 |     let mut nodes: Vec<String> = Vec::new();
    |         ----^^^^^
    |         |
    |         help: remove this `mut`

warning: variable does not need to be mutable
   --> src\tests\attack_scenarios.rs:304:9
    |
304 |     let mut bc = Blockchain::new(owner.clone());
    |         ----^^
    |         |
    |         help: remove this `mut`

warning: variable `total_attack_tokens` is assigned to, but never used
   --> src\tests\attack_scenarios.rs:333:13
    |
333 |     let mut total_attack_tokens = 0.0;
    |             ^^^^^^^^^^^^^^^^^^^
    |
    = note: consider using `_total_attack_tokens` instead

warning: variable does not need to be mutable
  --> src\tests\control_package_analysis.rs:21:9
   |
21 |     let mut owner_initial_tokens = bc.token_holders.get(&owner).unwrap().security_...
   |         ----^^^^^^^^^^^^^^^^^^^^
   |         |
   |         help: remove this `mut`

warning: variable `group_total_tokens` is assigned to, but never used
   --> src\tests\control_package_analysis.rs:150:13
    |
150 |     let mut group_total_tokens = 0.0;
    |             ^^^^^^^^^^^^^^^^^^
    |
    = note: consider using `_group_total_tokens` instead

warning: variable does not need to be mutable
   --> src\tests\control_package_analysis.rs:204:9
    |
204 |     let mut bc = Blockchain::new(owner.clone());
    |         ----^^
    |         |
    |         help: remove this `mut`

warning: variable `group_total_tokens` is assigned to, but never used
   --> src\tests\control_package_analysis.rs:475:13
    |
475 |     let mut group_total_tokens = 0.0;
    |             ^^^^^^^^^^^^^^^^^^
    |
    = note: consider using `_group_total_tokens` instead

warning: variable does not need to be mutable
  --> src\tests\load_testing.rs:16:9
   |
16 |     let mut bc = Blockchain::new(owner.clone());
   |         ----^^
   |         |
   |         help: remove this `mut`

warning: unused variable: `history`
   --> src\tests\load_testing.rs:185:13
    |
185 |         let history = bc_test.get_balance_transfer_history(Some(100));
    |             ^^^^^^^ help: if this is intentional, prefix it with an underscore: `_hi
story`

warning: variable does not need to be mutable
   --> src\tests\load_testing.rs:137:9
    |
137 |     let mut bc = Blockchain::new(owner.clone());
    |         ----^^
    |         |
    |         help: remove this `mut`

warning: variable does not need to be mutable
   --> src\tests\load_testing.rs:205:9
    |
205 |     let mut bc = Blockchain::new(owner.clone());
    |         ----^^
    |         |
    |         help: remove this `mut`

warning: variable does not need to be mutable
   --> src\tests\load_testing.rs:263:9
    |
263 |     let mut bc = Blockchain::new(owner.clone());
    |         ----^^
    |         |
    |         help: remove this `mut`

warning: unused variable: `i`
   --> src\tests\new_token_distribution.rs:255:9
    |
255 |     for i in 0..100 {
    |         ^ help: if this is intentional, prefix it with an underscore: `_i`

warning: unused variable: `distribution`
   --> src\tests\unclaimed_tokens_distribution.rs:280:12
    |
280 |         Ok(distribution) => {
    |            ^^^^^^^^^^^^ help: if this is intentional, prefix it with an underscore: 
`_distribution`

warning: struct `ApiServer` is never constructed
    --> src\main.rs:2225:8
     |
2225 | struct ApiServer {
     |        ^^^^^^^^^
     |
     = note: `#[warn(dead_code)]` on by default

warning: associated items `new`, `start`, `handle_client`, and `process_request` are never
 used
    --> src\main.rs:2231:8
     |
2230 | impl ApiServer {
     | -------------- associated items in this implementation
2231 |     fn new(blockchain: Arc<Mutex<Blockchain>>, port: u16) -> Self {
     |        ^^^
...
2235 |     fn start(&self) {
     |        ^^^^^
...
2256 |     fn handle_client(mut stream: TcpStream, blockchain: Arc<Mutex<Blockchain>>) {
     |        ^^^^^^^^^^^^^
...
2373 |     fn process_request(request: ApiRequest, blockchain: Arc<Mutex<Blockchain>>) ...
     |        ^^^^^^^^^^^^^^^

warning: methods `validate_block`, `validate_block_content`, and `validate_transaction` ar
e never used
   --> src\consensus.rs:312:12
    |
80  | impl ConsensusAlgorithm {
    | ----------------------- methods in this implementation
...
312 |     pub fn validate_block(&self, block: &Block, validators: &[u64], network: &Fra...
    |            ^^^^^^^^^^^^^^
...
333 |     fn validate_block_content(&self, block: &Block, network: &FranchiseNetwork) -...
    |        ^^^^^^^^^^^^^^^^^^^^^^
...
351 |     fn validate_transaction(&self, transaction: &Transaction, network: &Franchise...
    |        ^^^^^^^^^^^^^^^^^^^^

warning: associated items `new`, `sign`, and `verify_signature` are never used
   --> src\consensus.rs:445:12
    |
444 | impl Transaction {
    | ---------------- associated items in this implementation
445 |     pub fn new(node_id: u64, transaction_type: TransactionType, data: serde_json:...
    |            ^^^
...
457 |     pub fn sign(&mut self, private_key: &str) {
    |            ^^^^
...
466 |     pub fn verify_signature(&self) -> bool {
    |            ^^^^^^^^^^^^^^^^

warning: fields `node_id` and `block_height` are never read
  --> src\p2p_network.rs:71:9
   |
70 | pub struct PeerInfo {
   |            -------- fields in this struct
71 |     pub node_id: u64,
   |         ^^^^^^^
...
75 |     pub block_height: u64,
   |         ^^^^^^^^^^^^
   |
   = note: `PeerInfo` has derived impls for the traits `Clone` and `Debug`, but these are 
intentionally ignored during dead code analysis

warning: methods `stop` and `get_network_stats` are never used
   --> src\p2p_network.rs:421:12
    |
78  | impl P2PNode {
    | ------------ methods in this implementation
...
421 |     pub fn stop(&self) {
    |            ^^^^
...
427 |     pub fn get_network_stats(&self) -> NetworkStats {
    |            ^^^^^^^^^^^^^^^^^

warning: methods `retrieve_data`, `retrieve_menu`, `retrieve_sales_report`, `store_image`,
 and `retrieve_image` are never used
   --> src\ipfs_storage.rs:108:12
    |
77  | impl IPFSStorage {
    | ---------------- methods in this implementation
...
108 |     pub fn retrieve_data(&self, hash: &str) -> Result<String, String> {
    |            ^^^^^^^^^^^^^
...
130 |     pub fn retrieve_menu(&self, hash: &str) -> Result<MenuData, String> {
    |            ^^^^^^^^^^^^^
...
145 |     pub fn retrieve_sales_report(&self, hash: &str) -> Result<SalesReport, String> {
    |            ^^^^^^^^^^^^^^^^^^^^^
...
152 |     pub fn store_image(&mut self, image_data: &[u8], filename: &str) -> Result<St...
    |            ^^^^^^^^^^^
...
161 |     pub fn retrieve_image(&self, hash: &str) -> Result<Vec<u8>, String> {
    |            ^^^^^^^^^^^^^^

warning: method `backup_franchise_network` is never used
   --> src\ipfs_storage.rs:214:12
    |
212 | impl IPFSStorage {
    | ---------------- method in this implementation
213 |     // ╨б╨╛╤Е╤А╨░╨╜╨╡╨╜╨╕╨╡ ╨▓╤Б╨╡╤Е ╨┤╨░╨╜╨╜╤Л╤Е ╤Д╤А╨░╨╜╤И╨╕╨╖╨╜╨╛╨╣ ╤Б╨╡╤В╨╕ ╨▓ I
...
214 |     pub fn backup_franchise_network(&mut self, network: &FranchiseNetwork) -> Res...
    |            ^^^^^^^^^^^^^^^^^^^^^^^^

warning: unused `Result` that must be used
  --> src\tests\new_token_distribution.rs:68:5
   |
68 |     bc.add_franchise_node(franchise_node.clone(), franchise_owner.clone());
   |     ^^^^^^^^^^^^^^^^^^^^^^^^^^^^^^^^^^^^^^^^^^^^^^^^^^^^^^^^^^^^^^^^^^^^^^
   |
   = note: this `Result` may be an `Err` variant, which should be handled
   = note: `#[warn(unused_must_use)]` on by default
help: use `let _ = ...` to ignore the resulting value
   |
68 |     let _ = bc.add_franchise_node(franchise_node.clone(), franchise_owner.clone());
   |     +++++++

warning: `blockchain_project` (bin "blockchain_project" test) generated 48 warnings (run `
cargo fix --bin "blockchain_project" --tests` to apply 20 suggestions)
    Finished `test` profile [unoptimized + debuginfo] target(s) in 0.70s
     Running unittests src\main.rs (target\debug\deps\blockchain_project-6b6ddccfe5239756.
exe)

running 70 tests
test tests::api::api_request_response_serde_roundtrip ... ok
test tests::attack_scenarios::test_check_reuse_attack ... FAILED
test tests::attack_scenarios::test_comprehensive_security_measures ... ok
test tests::attack_scenarios::test_coordinated_attack_prevention ... ok
test tests::attack_scenarios::test_cross_chain_attack ... ok
test tests::attack_scenarios::test_network_partition_attack ... ok
test tests::attack_scenarios::test_rapid_token_accumulation_attack ... ok
test tests::attack_scenarios::test_economic_attack_vectors ... ok
test tests::attack_scenarios::test_phone_number_spoofing ... ok
test tests::attack_scenarios::test_social_engineering_attack ... ok
test tests::attack_scenarios::test_time_based_attacks ... ok
test tests::attack_scenarios::test_utility_token_manipulation ... ok
test tests::blockchain::balance_transfer_from_check ... FAILED
test tests::blockchain::balance_transfer_history ... FAILED
test tests::blockchain::balance_transfer_security_limits ... ok
test tests::blockchain::blockchain_genesis_and_basic_flows ... FAILED
test tests::blockchain::network_security_report ... FAILED
test tests::blockchain::transaction_creation_generates_check ... ok
test tests::blockchain::user_registration_and_phone_verification ... ok
test tests::control_package_analysis::test_coordinated_group_attack_on_control ... ok
test tests::control_package_analysis::test_decentralization_mechanisms ... ok
test tests::control_package_analysis::test_group_coordination_to_take_control ... ok
test tests::control_package_analysis::test_what_if_51_percent_always_goes_to_owner ... ok
test tests::control_package_analysis::test_token_redistribution_mechanisms ... ok
test tests::core::authorized_user_creation_and_verification ... ok
test tests::core::blockchain_account_activation_and_listing ... ok
test tests::core::balance_transfer_record_creation ... ok
test tests::core::check_creation_sets_expected_fields ... ok
test tests::control_package_analysis::test_owner_control_package_accumulation ... ok
test tests::core::network_security_report_creation ... ok
test tests::core::check_with_phone_number_creation ... ok
test tests::core::token_holder_add_check_and_activate_account_flow ... ok
test tests::core::token_holder_authorization_with_phone ... ok
test tests::core::user_role_from_percentage_mapping ... ok
test tests::core::utility_token_issuing_increases_supply_and_power ... ok
test tests::load_testing::test_extreme_scenarios ... ok
test tests::load_testing::test_concurrent_balance_transfers ... ok
test tests::load_testing::test_network_growth_simulation ... ok
test tests::menu::menu_item_details_and_voting_flow ... ok
test tests::new_token_distribution::test_charity_fund_always_gets_3_percent ... ok
test tests::load_testing::test_memory_usage_under_load ... ok
test tests::load_testing::test_stress_testing_security_checks ... ok
test tests::new_token_distribution::test_customer_limits ... ok
test tests::new_token_distribution::test_franchise_owner_limits ... ok
test tests::load_testing::test_scalability_limits ... ok
test tests::new_token_distribution::test_monitoring_system ... ok
test tests::new_token_distribution::test_new_token_distribution_franchise_node ... ok
test tests::control_package_analysis::test_load_testing_token_concentration ... ok
test tests::new_token_distribution::test_new_token_distribution_owner_node ... ok
test tests::new_token_distribution::test_load_testing_7_nodes ... FAILED
test tests::new_token_distribution::test_token_emission_for_investors ... FAILED
test tests::new_token_distribution::test_owner_cannot_exceed_48_percent ... ok
test tests::orders::blockchain_create_and_confirm_order_updates_balances_and_availability ... ok
test tests::orders::order_create_confirm_cancel ... ok
test tests::security::test_51_percent_attack_prevention ... FAILED
test tests::security::test_balance_transfer_audit_trail ... FAILED
test tests::security::test_balance_transfer_prevents_51_percent ... ok
test tests::security::test_main_owner_control_mechanism ... ok
test tests::security::test_multiple_attack_vectors ... ok
test tests::security::test_network_security_monitoring ... FAILED
test tests::security::test_utility_token_concentration_prevention ... ok
test tests::unclaimed_tokens_distribution::test_annual_distribution_proportional ... ok
test tests::unclaimed_tokens_distribution::test_annual_distributions_history ... ok
test tests::unclaimed_tokens_distribution::test_expired_tokens_check ... ok
test tests::unclaimed_tokens_distribution::test_no_unclaimed_tokens_distribution ... ok
test tests::unclaimed_tokens_distribution::test_distribution_preserves_ownership_limits ... ok
test tests::unclaimed_tokens_distribution::test_unclaimed_tokens_tracking ... ok
test web_server::tests::test_content_type_detection ... ok
test web_server::tests::test_request_parsing ... ok
test tests::load_testing::test_high_volume_purchase_performance ... ok

failures:

---- tests::attack_scenarios::test_check_reuse_attack stdout ----

thread 'tests::attack_scenarios::test_check_reuse_attack' panicked at src\tests\attack_scenarios.rs:145:10:
first transfer should succeed: "Transfer would exceed maximum ownership percentage of 48%"
note: run with `RUST_BACKTRACE=1` environment variable to display a backtrace

---- tests::blockchain::balance_transfer_from_check stdout ----

thread 'tests::blockchain::balance_transfer_from_check' panicked at src\tests\blockchain.rs:89:10:
transfer should succeed: "Transfer would exceed maximum ownership percentage of 48%"

---- tests::blockchain::balance_transfer_history stdout ----

thread 'tests::blockchain::balance_transfer_history' panicked at src\tests\blockchain.rs:197:14:
transfer should succeed: "Transfer would exceed maximum ownership percentage of 48%"

---- tests::blockchain::blockchain_genesis_and_basic_flows stdout ----

thread 'tests::blockchain::blockchain_genesis_and_basic_flows' panicked at src\tests\blockchain.rs:38:21:
mining should succeed with stake >= min_stake: "Validator security tokens too low"

---- tests::blockchain::network_security_report stdout ----

thread 'tests::blockchain::network_security_report' panicked at src\tests\blockchain.rs:162:5:
assertion `left == right` failed
  left: 48.0
 right: 49.0

---- tests::new_token_distribution::test_load_testing_7_nodes stdout ----

ЁЯМР === ╨Э╨Р╨У╨а╨г╨Ч╨Ю╨з╨Э╨Ю╨Х ╨в╨Х╨б╨в╨Ш╨а╨Ю╨Т╨Р╨Э╨Ш╨Х ╨б╨Х╨в╨Ш ╨Ш╨Ч 7 ╨Э╨Ю╨Ф ===
╨б╨╛╨╖╨┤╨░╨╜╨░ ╤Б╨╡╤В╤М ╨╕╨╖ 7 ╨╜╨╛╨┤
╨Т╤Л╨┐╨╛╨╗╨╜╨╡╨╜╨╛ 700 ╨┐╨╛╨║╤Г╨┐╨╛╨║ ╨╜╨░ ╤Б╤Г╨╝╨╝╤Г 7000.00 ╤В╨╛╨║╨╡╨╜╨╛╨▓
╨а╨░╤Б╨┐╤А╨╡╨┤╨╡╨╗╨╡╨╜╨╕╨╡ ╤В╨╛╨║╨╡╨╜╨╛╨▓:
  ╨Т╨╗╨░╨┤╨╡╨╗╨╡╤Ж: 1980.00 ╤В╨╛╨║╨╡╨╜╨╛╨▓ (28.29%)
  ╨С╨╗╨░╨│╨╛╤В╨▓╨╛╤А╨╕╤В╨╡╨╗╤М╨╜╤Л╨╣ ╤Д╨╛╨╜╨┤: 210.00 ╤В╨╛╨║╨╡╨╜╨╛╨▓ (3.00%)

thread 'tests::new_token_distribution::test_load_testing_7_nodes' panicked at src\tests\new_token_distribution.rs:459:5:
╨Т╨╗╨░╨┤╨╡╨╗╨╡╤Ж ╨┤╨╛╨╗╨╢╨╡╨╜ ╨┐╨╛╨╗╤Г╤З╨░╤В╤М ╤А╨╛╨▓╨╜╨╛ 48%

---- tests::new_token_distribution::test_token_emission_for_investors stdout ----

ЁЯТ░ === ╨в╨Х╨б╨в: ╨н╨Ь╨Ш╨б╨б╨Ш╨п ╨в╨Ю╨Ъ╨Х╨Э╨Ю╨Т ╨Ф╨Ы╨п ╨Ш╨Э╨Т╨Х╨б╨в╨Ю╨а╨Ю╨Т ===
╨Ф╨╛ ╤Н╨╝╨╕╤Б╤Б╨╕╨╕:
  ╨в╨╛╨║╨╡╨╜╤Л ╨▓╨╗╨░╨┤╨╡╨╗╤М╤Ж╨░: 480.00
  ╨Ю╨▒╤Й╨╕╨╡ ╤В╨╛╨║╨╡╨╜╤Л: 1000.00
╨Я╨╛╤Б╨╗╨╡ ╤Н╨╝╨╕╤Б╤Б╨╕╨╕ 1000 ╤В╨╛╨║╨╡╨╜╨╛╨▓ ╨┤╨╗╤П ╨╕╨╜╨▓╨╡╤Б╤В╨╛╤А╨░:
  ╨в╨╛╨║╨╡╨╜╤Л ╨▓╨╗╨░╨┤╨╡╨╗╤М╤Ж╨░: 960.00 (╨┤╨╛╨▒╨░╨▓╨╗╨╡╨╜╨╛: 480.00)
  ╨в╨╛╨║╨╡╨╜╤Л ╨╕╨╜╨▓╨╡╤Б╤В╨╛╤А╨░: 490.00 (╨╛╨╢╨╕╨┤╨░╨╡╤В╤Б╤П: 490.00)
  ╨в╨╛╨║╨╡╨╜╤Л ╤Д╨╛╨╜╨┤╨░: 60.00 (╨┤╨╛╨▒╨░╨▓╨╗╨╡╨╜╨╛: 30.00)
  ╨Ю╨▒╤Й╨╕╨╡ ╤В╨╛╨║╨╡╨╜╤Л: 2000.00
  ╨Я╤А╨╛╤Ж╨╡╨╜╤В ╨▓╨╗╨░╨┤╨╡╨╗╤М╤Ж╨░: 48.00% (╨╗╨╕╨╝╨╕╤В: 48%)

thread 'tests::new_token_distribution::test_token_emission_for_investors' panicked at src\tests\new_token_distribution.rs:338:5:
╨д╨╛╨╜╨┤ ╨┤╨╛╨╗╨╢╨╡╨╜ ╨┐╨╛╨╗╤Г╤З╨╕╤В╤М 3% ╨╛╤В ╤Н╨╝╨╕╤Б╤Б╨╕╨╕

---- tests::security::test_51_percent_attack_prevention stdout ----

thread 'tests::security::test_51_percent_attack_prevention' panicked at src\tests\security.rs:29:5:
assertion failed: !report.is_secure

---- tests::security::test_balance_transfer_audit_trail stdout ----

thread 'tests::security::test_balance_transfer_audit_trail' panicked at src\tests\security.rs:241:14:
transfer should succeed: "Transfer would exceed maximum ownership percentage of 48%"

---- tests::security::test_network_security_monitoring stdout ----

thread 'tests::security::test_network_security_monitoring' panicked at src\tests\security.rs:204:5:
assertion `left == right` failed
  left: 48.0
 right: 49.0


failures:
    tests::attack_scenarios::test_check_reuse_attack
    tests::blockchain::balance_transfer_from_check
    tests::blockchain::balance_transfer_history
    tests::blockchain::blockchain_genesis_and_basic_flows
    tests::blockchain::network_security_report
    tests::new_token_distribution::test_load_testing_7_nodes
    tests::new_token_distribution::test_token_emission_for_investors
    tests::security::test_51_percent_attack_prevention
    tests::security::test_balance_transfer_audit_trail
    tests::security::test_network_security_monitoring

test result: FAILED. 60 passed; 10 failed; 0 ignored; 0 measured; 0 filtered out; finished in 20.03s

error: test failed, to rerun pass `--bin blockchain_project`
